// Bun Snapshot v1, https://goo.gl/fbAQLP

exports[`transformFields Should transform fields to puck fields and include a reference to the original field configuration under _field 1`] = `
{
  "direction": {
    "arrayFields": {
      "gap": {
        "default": 4,
        "label": "",
        "min": 0,
        "type": "number",
      },
      "title": {
        "label": "",
        "objectFields": {
          "description": {
            "default": "123",
            "label": "",
            "type": "text",
          },
        },
        "type": "object",
      },
    },
    "default": [
      {
        "gap": 32,
        "title": {
          "description": "Yeah Nah",
        },
      },
    ],
    "label": "Direction",
    "responsiveMode": false,
    "type": "array",
  },
}
`;
